Archive member included to satisfy reference by file (symbol)

c:/program files (x86)/atmel/studio/7.0/toolchain/avr8/avr8-gnu-toolchain/bin/../lib/gcc/avr/5.4.0/avr5\libgcc.a(_udivmodhi4.o)
                              SERVICES/Timers_Services.o (__udivmodhi4)
c:/program files (x86)/atmel/studio/7.0/toolchain/avr8/avr8-gnu-toolchain/bin/../lib/gcc/avr/5.4.0/avr5\libgcc.a(_divmodhi4.o)
                              Segment.o (__divmodhi4)
c:/program files (x86)/atmel/studio/7.0/toolchain/avr8/avr8-gnu-toolchain/bin/../lib/gcc/avr/5.4.0/avr5\libgcc.a(_udivmodsi4.o)
                              APP/TEMP_Filter.o (__udivmodsi4)
c:/program files (x86)/atmel/studio/7.0/toolchain/avr8/avr8-gnu-toolchain/bin/../lib/gcc/avr/5.4.0/avr5\libgcc.a(_divmodsi4.o)
                              HAL/LCD.o (__divmodsi4)
c:/program files (x86)/atmel/studio/7.0/toolchain/avr8/avr8-gnu-toolchain/bin/../lib/gcc/avr/5.4.0/avr5\libgcc.a(_negsi2.o)
                              c:/program files (x86)/atmel/studio/7.0/toolchain/avr8/avr8-gnu-toolchain/bin/../lib/gcc/avr/5.4.0/avr5\libgcc.a(_divmodsi4.o) (__negsi2)
c:/program files (x86)/atmel/studio/7.0/toolchain/avr8/avr8-gnu-toolchain/bin/../lib/gcc/avr/5.4.0/avr5\libgcc.a(_exit.o)
                              C:/Program Files (x86)/Atmel/Studio/7.0/Packs/atmel/ATmega_DFP/1.7.374/gcc/dev/atmega32/avr5/crtatmega32.o (exit)
c:/program files (x86)/atmel/studio/7.0/toolchain/avr8/avr8-gnu-toolchain/bin/../lib/gcc/avr/5.4.0/avr5\libgcc.a(_copy_data.o)
                              APP/UART_Task.o (__do_copy_data)
c:/program files (x86)/atmel/studio/7.0/toolchain/avr8/avr8-gnu-toolchain/bin/../lib/gcc/avr/5.4.0/avr5\libgcc.a(_clear_bss.o)
                              APP/TEMP_Filter.o (__do_clear_bss)
c:/program files (x86)/atmel/studio/7.0/toolchain/avr8/avr8-gnu-toolchain/bin/../lib/gcc/avr/5.4.0/avr5\libgcc.a(_umulhisi3.o)
                              HAL/Sensors.o (__umulhisi3)
c:/program files (x86)/atmel/studio/7.0/toolchain/avr8/avr8-gnu-toolchain/bin/../lib/gcc/avr/5.4.0/avr5\libgcc.a(_muluhisi3.o)
                              SERVICES/Timers_Services.o (__muluhisi3)

Allocating common symbols
Common symbol       size              file

arr                 0x14              APP/TEMP_Filter.o
RXStr               0x2               SERVICES/UART_Service.o
distance            0x2               HAL/Ultrasonic.o
arr_old             0x8               HAL/Ultrasonic.o
tempFiltered        0x2               APP/TEMP_Filter.o
tempUnFiltered      0x2               APP/TEMP_Filter.o
arr_new             0x8               HAL/Ultrasonic.o

Discarded input sections

 .data          0x00000000        0x0 C:/Program Files (x86)/Atmel/Studio/7.0/Packs/atmel/ATmega_DFP/1.7.374/gcc/dev/atmega32/avr5/crtatmega32.o
 .bss           0x00000000        0x0 C:/Program Files (x86)/Atmel/Studio/7.0/Packs/atmel/ATmega_DFP/1.7.374/gcc/dev/atmega32/avr5/crtatmega32.o
 .text          0x00000000        0x0 APP/Car.o
 .data          0x00000000        0x0 APP/Car.o
 .bss           0x00000000        0x0 APP/Car.o
 .debug_line    0x00000000        0x0 APP/Car.o
 .debug_str     0x00000000      0x13a APP/Car.o
 .comment       0x00000000       0x31 APP/Car.o
 .text          0x00000000        0x0 APP/TEMP_Filter.o
 .data          0x00000000        0x0 APP/TEMP_Filter.o
 .bss           0x00000000        0x0 APP/TEMP_Filter.o
 .text.TEMPFilter_Init
                0x00000000       0x16 APP/TEMP_Filter.o
 .text.TEMPFilter_Runnable
                0x00000000       0x86 APP/TEMP_Filter.o
 .text.TEMPFilter_getFilterValue
                0x00000000        0xa APP/TEMP_Filter.o
 .text.TEMPFilter_getUnFilterValue
                0x00000000        0xa APP/TEMP_Filter.o
 .bss.i.1597    0x00000000        0x1 APP/TEMP_Filter.o
 .debug_info    0x00000000      0x17f APP/TEMP_Filter.o
 .debug_abbrev  0x00000000      0x103 APP/TEMP_Filter.o
 .debug_loc     0x00000000       0x8e APP/TEMP_Filter.o
 .debug_aranges
                0x00000000       0x38 APP/TEMP_Filter.o
 .debug_ranges  0x00000000       0x40 APP/TEMP_Filter.o
 .debug_line    0x00000000      0x109 APP/TEMP_Filter.o
 .debug_str     0x00000000      0x225 APP/TEMP_Filter.o
 .comment       0x00000000       0x31 APP/TEMP_Filter.o
 .debug_frame   0x00000000       0x60 APP/TEMP_Filter.o
 COMMON         0x00000000       0x18 APP/TEMP_Filter.o
 .text          0x00000000        0x0 APP/UART_Task.o
 .data          0x00000000        0x0 APP/UART_Task.o
 .bss           0x00000000        0x0 APP/UART_Task.o
 .text.LED_ON   0x00000000       0x16 APP/UART_Task.o
 .text.LED_OFF  0x00000000       0x18 APP/UART_Task.o
 .text.StringCompare
                0x00000000       0x38 APP/UART_Task.o
 .text.Rec_StrAndNum
                0x00000000       0x60 APP/UART_Task.o
 .text.SearchInStruct
                0x00000000       0x46 APP/UART_Task.o
 .text.Set_Function
                0x00000000       0x1c APP/UART_Task.o
 .rodata.str1.1
                0x00000000       0x1d APP/UART_Task.o
 .rodata.arr_struct
                0x00000000       0x28 APP/UART_Task.o
 .debug_info    0x00000000      0x2a9 APP/UART_Task.o
 .debug_abbrev  0x00000000      0x16b APP/UART_Task.o
 .debug_loc     0x00000000      0x27d APP/UART_Task.o
 .debug_aranges
                0x00000000       0x48 APP/UART_Task.o
 .debug_ranges  0x00000000       0x50 APP/UART_Task.o
 .debug_line    0x00000000      0x19b APP/UART_Task.o
 .debug_str     0x00000000      0x218 APP/UART_Task.o
 .comment       0x00000000       0x31 APP/UART_Task.o
 .debug_frame   0x00000000       0x9c APP/UART_Task.o
 .text          0x00000000        0x0 CFG/DIO_Cfg.o
 .data          0x00000000        0x0 CFG/DIO_Cfg.o
 .bss           0x00000000        0x0 CFG/DIO_Cfg.o
 .text          0x00000000        0x0 CFG/EX_Interrupt_Cfg.o
 .data          0x00000000        0x0 CFG/EX_Interrupt_Cfg.o
 .bss           0x00000000        0x0 CFG/EX_Interrupt_Cfg.o
 .text.EX_INT0_Func
                0x00000000        0x2 CFG/EX_Interrupt_Cfg.o
 .text.EX_INT1_Func
                0x00000000        0x2 CFG/EX_Interrupt_Cfg.o
 .text.EX_INT2_Func
                0x00000000        0x2 CFG/EX_Interrupt_Cfg.o
 .debug_info    0x00000000       0x6c CFG/EX_Interrupt_Cfg.o
 .debug_abbrev  0x00000000       0x2e CFG/EX_Interrupt_Cfg.o
 .debug_aranges
                0x00000000       0x30 CFG/EX_Interrupt_Cfg.o
 .debug_ranges  0x00000000       0x20 CFG/EX_Interrupt_Cfg.o
 .debug_line    0x00000000       0x63 CFG/EX_Interrupt_Cfg.o
 .debug_str     0x00000000      0x16e CFG/EX_Interrupt_Cfg.o
 .comment       0x00000000       0x31 CFG/EX_Interrupt_Cfg.o
 .debug_frame   0x00000000       0x44 CFG/EX_Interrupt_Cfg.o
 .text          0x00000000        0x0 HAL/KeyPad.o
 .data          0x00000000        0x0 HAL/KeyPad.o
 .bss           0x00000000        0x0 HAL/KeyPad.o
 .text          0x00000000        0x0 HAL/LCD.o
 .data          0x00000000        0x0 HAL/LCD.o
 .bss           0x00000000        0x0 HAL/LCD.o
 .text.LCD_Init_With_Shift
                0x00000000       0x3e HAL/LCD.o
 .text.LCD_Clear
                0x00000000       0x14 HAL/LCD.o
 .text.LCD_WriteBinary
                0x00000000       0x2e HAL/LCD.o
 .text.LCD_WriteHex
                0x00000000       0xbe HAL/LCD.o
 .text.LCD_CustomChar
                0x00000000       0x3a HAL/LCD.o
 .text          0x00000000        0x0 HAL/Motors.o
 .data          0x00000000        0x0 HAL/Motors.o
 .bss           0x00000000        0x0 HAL/Motors.o
 .debug_line    0x00000000        0x0 HAL/Motors.o
 .debug_str     0x00000000      0x13d HAL/Motors.o
 .comment       0x00000000       0x31 HAL/Motors.o
 .text          0x00000000        0x0 HAL/RGB.o
 .data          0x00000000        0x0 HAL/RGB.o
 .bss           0x00000000        0x0 HAL/RGB.o
 .text.RGB_Init
                0x00000000       0x2c HAL/RGB.o
 .text.RGB_Set  0x00000000       0x34 HAL/RGB.o
 .text.RGB_Flow
                0x00000000      0x10a HAL/RGB.o
 .data.colours_arr
                0x00000000       0x18 HAL/RGB.o
 .debug_info    0x00000000      0x3d9 HAL/RGB.o
 .debug_abbrev  0x00000000      0x16d HAL/RGB.o
 .debug_loc     0x00000000       0xa6 HAL/RGB.o
 .debug_aranges
                0x00000000       0x30 HAL/RGB.o
 .debug_ranges  0x00000000       0x20 HAL/RGB.o
 .debug_line    0x00000000      0x212 HAL/RGB.o
 .debug_str     0x00000000      0x55b HAL/RGB.o
 .comment       0x00000000       0x31 HAL/RGB.o
 .debug_frame   0x00000000       0x44 HAL/RGB.o
 .text          0x00000000        0x0 HAL/Sensors.o
 .data          0x00000000        0x0 HAL/Sensors.o
 .bss           0x00000000        0x0 HAL/Sensors.o
 .text.PRESSURE_Read
                0x00000000       0x28 HAL/Sensors.o
 .text          0x00000000        0x0 HAL/Servo.o
 .data          0x00000000        0x0 HAL/Servo.o
 .bss           0x00000000        0x0 HAL/Servo.o
 .text.SERVO_Init
                0x00000000       0x18 HAL/Servo.o
 .text.SERVO_SetAngle
                0x00000000       0x22 HAL/Servo.o
 .debug_info    0x00000000      0x17a HAL/Servo.o
 .debug_abbrev  0x00000000       0xa5 HAL/Servo.o
 .debug_aranges
                0x00000000       0x28 HAL/Servo.o
 .debug_ranges  0x00000000       0x18 HAL/Servo.o
 .debug_line    0x00000000       0x87 HAL/Servo.o
 .debug_str     0x00000000      0x30d HAL/Servo.o
 .comment       0x00000000       0x31 HAL/Servo.o
 .debug_frame   0x00000000       0x34 HAL/Servo.o
 .text          0x00000000        0x0 HAL/Ultrasonic.o
 .data          0x00000000        0x0 HAL/Ultrasonic.o
 .bss           0x00000000        0x0 HAL/Ultrasonic.o
 .text.icu_f1   0x00000000       0x3e HAL/Ultrasonic.o
 .text.ULTRASONIC_Init
                0x00000000       0x10 HAL/Ultrasonic.o
 .text.Get_Distance
                0x00000000       0xca HAL/Ultrasonic.o
 .text.ULTRASONIC_Runnable
                0x00000000       0x6a HAL/Ultrasonic.o
 .text.DISTANCE_READ
                0x00000000       0x14 HAL/Ultrasonic.o
 .bss.i         0x00000000        0x1 HAL/Ultrasonic.o
 .bss.flag      0x00000000        0x1 HAL/Ultrasonic.o
 .bss.t2        0x00000000        0x2 HAL/Ultrasonic.o
 .bss.t1        0x00000000        0x2 HAL/Ultrasonic.o
 .debug_info    0x00000000      0x650 HAL/Ultrasonic.o
 .debug_abbrev  0x00000000      0x209 HAL/Ultrasonic.o
 .debug_loc     0x00000000      0x1e6 HAL/Ultrasonic.o
 .debug_aranges
                0x00000000       0x40 HAL/Ultrasonic.o
 .debug_ranges  0x00000000       0x48 HAL/Ultrasonic.o
 .debug_line    0x00000000      0x2c5 HAL/Ultrasonic.o
 .debug_str     0x00000000      0x513 HAL/Ultrasonic.o
 .comment       0x00000000       0x31 HAL/Ultrasonic.o
 .debug_frame   0x00000000       0x6c HAL/Ultrasonic.o
 COMMON         0x00000000       0x12 HAL/Ultrasonic.o
 .text          0x00000000        0x0 main.o
 .data          0x00000000        0x0 main.o
 .bss           0x00000000        0x0 main.o
 .text          0x00000000        0x0 MCAL/ADC.o
 .data          0x00000000        0x0 MCAL/ADC.o
 .bss           0x00000000        0x0 MCAL/ADC.o
 .text.ADC_StartConversion
                0x00000000       0x22 MCAL/ADC.o
 .text.ADC_GetRead
                0x00000000        0xe MCAL/ADC.o
 .text.ADC_GetReadPeriodicCheck
                0x00000000       0x1a MCAL/ADC.o
 .text.ADC_GetReadNoBlock
                0x00000000        0x6 MCAL/ADC.o
 .bss.ADC_ReadFlag
                0x00000000        0x1 MCAL/ADC.o
 .text          0x00000000        0x0 MCAL/DIO.o
 .data          0x00000000        0x0 MCAL/DIO.o
 .bss           0x00000000        0x0 MCAL/DIO.o
 .text.DIO_WritePort
                0x00000000       0x20 MCAL/DIO.o
 .text.DIO_TogglePin
                0x00000000       0x82 MCAL/DIO.o
 .text          0x00000000        0x0 MCAL/EEPROM.o
 .data          0x00000000        0x0 MCAL/EEPROM.o
 .bss           0x00000000        0x0 MCAL/EEPROM.o
 .text.EEPROM_Write
                0x00000000       0x18 MCAL/EEPROM.o
 .text.EEPROM_Read
                0x00000000       0x12 MCAL/EEPROM.o
 .debug_info    0x00000000       0xca MCAL/EEPROM.o
 .debug_abbrev  0x00000000       0x80 MCAL/EEPROM.o
 .debug_loc     0x00000000       0x58 MCAL/EEPROM.o
 .debug_aranges
                0x00000000       0x28 MCAL/EEPROM.o
 .debug_ranges  0x00000000       0x18 MCAL/EEPROM.o
 .debug_line    0x00000000       0xa1 MCAL/EEPROM.o
 .debug_str     0x00000000      0x1c0 MCAL/EEPROM.o
 .comment       0x00000000       0x31 MCAL/EEPROM.o
 .debug_frame   0x00000000       0x34 MCAL/EEPROM.o
 .text          0x00000000        0x0 MCAL/EX_Interrupt.o
 .data          0x00000000        0x0 MCAL/EX_Interrupt.o
 .bss           0x00000000        0x0 MCAL/EX_Interrupt.o
 .text.EXI_Enable
                0x00000000       0x24 MCAL/EX_Interrupt.o
 .text.EXI_Disable
                0x00000000       0x24 MCAL/EX_Interrupt.o
 .text.EXI_TriggerEdge
                0x00000000       0xc0 MCAL/EX_Interrupt.o
 .text.EXI_Init
                0x00000000       0x1a MCAL/EX_Interrupt.o
 .text.EXI_SetCallBack
                0x00000000       0x2a MCAL/EX_Interrupt.o
 .text          0x00000000        0x0 MCAL/I2C.o
 .data          0x00000000        0x0 MCAL/I2C.o
 .bss           0x00000000        0x0 MCAL/I2C.o
 .text.I2C_Init_Master
                0x00000000        0x8 MCAL/I2C.o
 .text.I2C_Init_Slave
                0x00000000        0xc MCAL/I2C.o
 .text.I2C_Start
                0x00000000       0x22 MCAL/I2C.o
 .text.I2C_Repeated_Start
                0x00000000       0x14 MCAL/I2C.o
 .text.I2C_Write_Byte
                0x00000000        0xe MCAL/I2C.o
 .text.I2C_Read_Byte_ACK
                0x00000000       0x16 MCAL/I2C.o
 .text.I2C_Read_Byte_NACK
                0x00000000       0x16 MCAL/I2C.o
 .text.I2C_STOP
                0x00000000       0x14 MCAL/I2C.o
 .debug_info    0x00000000      0x12a MCAL/I2C.o
 .debug_abbrev  0x00000000       0x89 MCAL/I2C.o
 .debug_loc     0x00000000       0x2d MCAL/I2C.o
 .debug_aranges
                0x00000000       0x58 MCAL/I2C.o
 .debug_ranges  0x00000000       0x48 MCAL/I2C.o
 .debug_line    0x00000000      0x19c MCAL/I2C.o
 .debug_str     0x00000000      0x20b MCAL/I2C.o
 .comment       0x00000000       0x31 MCAL/I2C.o
 .debug_frame   0x00000000       0x94 MCAL/I2C.o
 .text          0x00000000        0x0 MCAL/SPI.o
 .data          0x00000000        0x0 MCAL/SPI.o
 .bss           0x00000000        0x0 MCAL/SPI.o
 .text.SPI_Init
                0x00000000       0x1a MCAL/SPI.o
 .text.SPI_SendReceive
                0x00000000        0xa MCAL/SPI.o
 .debug_info    0x00000000       0xd6 MCAL/SPI.o
 .debug_abbrev  0x00000000       0x96 MCAL/SPI.o
 .debug_loc     0x00000000       0x59 MCAL/SPI.o
 .debug_aranges
                0x00000000       0x28 MCAL/SPI.o
 .debug_ranges  0x00000000       0x18 MCAL/SPI.o
 .debug_line    0x00000000       0x97 MCAL/SPI.o
 .debug_str     0x00000000      0x1cb MCAL/SPI.o
 .comment       0x00000000       0x31 MCAL/SPI.o
 .debug_frame   0x00000000       0x34 MCAL/SPI.o
 .text          0x00000000        0x0 MCAL/Timers.o
 .data          0x00000000        0x0 MCAL/Timers.o
 .bss           0x00000000        0x0 MCAL/Timers.o
 .text.TIMER0_Init
                0x00000000       0x54 MCAL/Timers.o
 .text.TIMER0_OC0Mode
                0x00000000       0x48 MCAL/Timers.o
 .text.TIMER0_OV_InterruptEnable
                0x00000000        0x8 MCAL/Timers.o
 .text.TIMER0_OV_InterruptDisable
                0x00000000        0x8 MCAL/Timers.o
 .text.TIMER0_OC_InterruptEnable
                0x00000000        0x8 MCAL/Timers.o
 .text.TIMER0_OC_InterruptDisable
                0x00000000        0x8 MCAL/Timers.o
 .text.Timer1_Init
                0x00000000       0xa8 MCAL/Timers.o
 .text.Timer1_OCRA1Mode
                0x00000000       0x48 MCAL/Timers.o
 .text.Timer1_OCRB1Mode
                0x00000000       0x48 MCAL/Timers.o
 .text.Timer1_InputCaptureEdge
                0x00000000       0x18 MCAL/Timers.o
 .text.Timer1_ICU_InterruptEnable
                0x00000000        0x8 MCAL/Timers.o
 .text.Timer1_ICU_InterruptDisable
                0x00000000        0x8 MCAL/Timers.o
 .text.Timer1_OVF_InterruptEnable
                0x00000000        0x8 MCAL/Timers.o
 .text.Timer1_OVF_InterruptDisable
                0x00000000        0x8 MCAL/Timers.o
 .text.Timer1_OCA_InterruptEnable
                0x00000000        0x8 MCAL/Timers.o
 .text.Timer1_OCA_InterruptDisable
                0x00000000        0x8 MCAL/Timers.o
 .text.Timer1_OCB_InterruptEnable
                0x00000000        0x8 MCAL/Timers.o
 .text.Timer1_OCB_InterruptDisable
                0x00000000        0x8 MCAL/Timers.o
 .text.Timer1_OVF_SetCallBack
                0x00000000        0xa MCAL/Timers.o
 .text.Timer1_OCA_SetCallBack
                0x00000000        0xa MCAL/Timers.o
 .text.Timer1_OCB_SetCallBack
                0x00000000        0xa MCAL/Timers.o
 .text.Timer1_ICU_SetCallBack
                0x00000000        0xa MCAL/Timers.o
 .text          0x00000000        0x0 MCAL/UART.o
 .data          0x00000000        0x0 MCAL/UART.o
 .bss           0x00000000        0x0 MCAL/UART.o
 .text.UART_Init
                0x00000000       0x18 MCAL/UART.o
 .text.UART_Send
                0x00000000        0x8 MCAL/UART.o
 .text.UART_Receive
                0x00000000        0x8 MCAL/UART.o
 .text.UART_ReceivePerodic
                0x00000000       0x16 MCAL/UART.o
 .text.UART_RX_InterruptEnable
                0x00000000        0x8 MCAL/UART.o
 .text.UART_RX_InterruptDisable
                0x00000000        0x8 MCAL/UART.o
 .text.UART_TX_InterruptEnable
                0x00000000        0x8 MCAL/UART.o
 .text.UART_TX_InterruptDisable
                0x00000000        0x8 MCAL/UART.o
 .text.UART_RX_SetCallBack
                0x00000000        0xa MCAL/UART.o
 .text.UART_TX_SetCallBack
                0x00000000        0xa MCAL/UART.o
 .text          0x00000000        0x0 MCAL/WDT.o
 .data          0x00000000        0x0 MCAL/WDT.o
 .bss           0x00000000        0x0 MCAL/WDT.o
 .text.WDT_Set  0x00000000       0x10 MCAL/WDT.o
 .text.WDT_Stop
                0x00000000        0xc MCAL/WDT.o
 .debug_info    0x00000000       0xf5 MCAL/WDT.o
 .debug_abbrev  0x00000000       0xa3 MCAL/WDT.o
 .debug_loc     0x00000000       0x40 MCAL/WDT.o
 .debug_aranges
                0x00000000       0x28 MCAL/WDT.o
 .debug_ranges  0x00000000       0x18 MCAL/WDT.o
 .debug_line    0x00000000       0x9b MCAL/WDT.o
 .debug_str     0x00000000      0x229 MCAL/WDT.o
 .comment       0x00000000       0x31 MCAL/WDT.o
 .debug_frame   0x00000000       0x34 MCAL/WDT.o
 .text          0x00000000        0x0 Segment.o
 .data          0x00000000        0x0 Segment.o
 .bss           0x00000000        0x0 Segment.o
 .rodata        0x00000000       0x1a Segment.o
 .text.segment_display
                0x00000000       0x74 Segment.o
 .text.segment_display_Hex
                0x00000000       0x60 Segment.o
 .text.segment_display_BCD
                0x00000000       0x12 Segment.o
 .text.segment_display_kit
                0x00000000       0x94 Segment.o
 .debug_info    0x00000000      0x288 Segment.o
 .debug_abbrev  0x00000000      0x139 Segment.o
 .debug_loc     0x00000000      0x291 Segment.o
 .debug_aranges
                0x00000000       0x38 Segment.o
 .debug_ranges  0x00000000       0x28 Segment.o
 .debug_line    0x00000000      0x1da Segment.o
 .debug_str     0x00000000      0x26b Segment.o
 .comment       0x00000000       0x31 Segment.o
 .debug_frame   0x00000000       0x84 Segment.o
 .text          0x00000000        0x0 SERVICES/Timers_Services.o
 .data          0x00000000        0x0 SERVICES/Timers_Services.o
 .bss           0x00000000        0x0 SERVICES/Timers_Services.o
 .text.Timer_func
                0x00000000       0x5c SERVICES/Timers_Services.o
 .text.PWM_Freq_KHZ
                0x00000000       0x24 SERVICES/Timers_Services.o
 .text.PWM_Freq_HZ
                0x00000000       0x2c SERVICES/Timers_Services.o
 .text.PWM_Duty
                0x00000000       0x34 SERVICES/Timers_Services.o
 .text.Timer1_SetInterruptTime_ms
                0x00000000       0x26 SERVICES/Timers_Services.o
 .text.Timer1_SetInterruptTime_us
                0x00000000       0x12 SERVICES/Timers_Services.o
 .text.PWM_Measure2
                0x00000000       0xc0 SERVICES/Timers_Services.o
 .text.Timer1_SetInterruptTime_s
                0x00000000       0x60 SERVICES/Timers_Services.o
 .bss.c.1860    0x00000000        0x4 SERVICES/Timers_Services.o
 .bss.fptr_timer
                0x00000000        0x2 SERVICES/Timers_Services.o
 .bss.NofOverFlow
                0x00000000        0x4 SERVICES/Timers_Services.o
 .bss.flag      0x00000000        0x2 SERVICES/Timers_Services.o
 .bss.t3        0x00000000        0x2 SERVICES/Timers_Services.o
 .bss.t2        0x00000000        0x2 SERVICES/Timers_Services.o
 .bss.t1        0x00000000        0x2 SERVICES/Timers_Services.o
 .debug_info    0x00000000      0x524 SERVICES/Timers_Services.o
 .debug_abbrev  0x00000000      0x14d SERVICES/Timers_Services.o
 .debug_loc     0x00000000      0x395 SERVICES/Timers_Services.o
 .debug_aranges
                0x00000000       0x58 SERVICES/Timers_Services.o
 .debug_ranges  0x00000000       0x48 SERVICES/Timers_Services.o
 .debug_line    0x00000000      0x215 SERVICES/Timers_Services.o
 .debug_str     0x00000000      0x48b SERVICES/Timers_Services.o
 .comment       0x00000000       0x31 SERVICES/Timers_Services.o
 .debug_frame   0x00000000       0xe4 SERVICES/Timers_Services.o
 .text          0x00000000        0x0 SERVICES/UART_Service.o
 .data          0x00000000        0x0 SERVICES/UART_Service.o
 .bss           0x00000000        0x0 SERVICES/UART_Service.o
 .text.RX_Func  0x00000000       0x2a SERVICES/UART_Service.o
 .text.UART_SendString
                0x00000000       0x26 SERVICES/UART_Service.o
 .text.UART_ReceiveString
                0x00000000       0x42 SERVICES/UART_Service.o
 .text.UART_SendNumber
                0x00000000       0x2c SERVICES/UART_Service.o
 .text.UART_RecieveNumber
                0x00000000       0xa0 SERVICES/UART_Service.o
 .text.endian_check
                0x00000000        0x4 SERVICES/UART_Service.o
 .text.endian_convert
                0x00000000       0x8c SERVICES/UART_Service.o
 .text.endian_convert16
                0x00000000        0x8 SERVICES/UART_Service.o
 .text.UART_SendStringCheckSum
                0x00000000       0x58 SERVICES/UART_Service.o
 .text.UART_ReceiveStringCheckSum
                0x00000000       0x68 SERVICES/UART_Service.o
 .rodata.str1.1
                0x00000000        0x3 SERVICES/UART_Service.o
 .text.UART_ReceiveString_Docklight
                0x00000000       0x60 SERVICES/UART_Service.o
 .text.UART_SendStringAsynch
                0x00000000        0xe SERVICES/UART_Service.o
 .text.UART_ReceiveStringAsynch
                0x00000000       0x20 SERVICES/UART_Service.o
 .bss.i.1739    0x00000000        0x1 SERVICES/UART_Service.o
 .debug_info    0x00000000      0x5f1 SERVICES/UART_Service.o
 .debug_abbrev  0x00000000      0x172 SERVICES/UART_Service.o
 .debug_loc     0x00000000      0x7e7 SERVICES/UART_Service.o
 .debug_aranges
                0x00000000       0x80 SERVICES/UART_Service.o
 .debug_ranges  0x00000000       0x70 SERVICES/UART_Service.o
 .debug_line    0x00000000      0x38c SERVICES/UART_Service.o
 .debug_str     0x00000000      0x357 SERVICES/UART_Service.o
 .comment       0x00000000       0x31 SERVICES/UART_Service.o
 .debug_frame   0x00000000      0x1d4 SERVICES/UART_Service.o
 COMMON         0x00000000        0x2 SERVICES/UART_Service.o
 .text          0x00000000        0x0 c:/program files (x86)/atmel/studio/7.0/toolchain/avr8/avr8-gnu-toolchain/bin/../lib/gcc/avr/5.4.0/avr5\libgcc.a(_udivmodhi4.o)
 .data          0x00000000        0x0 c:/program files (x86)/atmel/studio/7.0/toolchain/avr8/avr8-gnu-toolchain/bin/../lib/gcc/avr/5.4.0/avr5\libgcc.a(_udivmodhi4.o)
 .bss           0x00000000        0x0 c:/program files (x86)/atmel/studio/7.0/toolchain/avr8/avr8-gnu-toolchain/bin/../lib/gcc/avr/5.4.0/avr5\libgcc.a(_udivmodhi4.o)
 .text.libgcc.mul
                0x00000000        0x0 c:/program files (x86)/atmel/studio/7.0/toolchain/avr8/avr8-gnu-toolchain/bin/../lib/gcc/avr/5.4.0/avr5\libgcc.a(_udivmodhi4.o)
 .text.libgcc.div
                0x00000000       0x28 c:/program files (x86)/atmel/studio/7.0/toolchain/avr8/avr8-gnu-toolchain/bin/../lib/gcc/avr/5.4.0/avr5\libgcc.a(_udivmodhi4.o)
 .text.libgcc   0x00000000        0x0 c:/program files (x86)/atmel/studio/7.0/toolchain/avr8/avr8-gnu-toolchain/bin/../lib/gcc/avr/5.4.0/avr5\libgcc.a(_udivmodhi4.o)
 .text.libgcc.prologue
                0x00000000        0x0 c:/program files (x86)/atmel/studio/7.0/toolchain/avr8/avr8-gnu-toolchain/bin/../lib/gcc/avr/5.4.0/avr5\libgcc.a(_udivmodhi4.o)
 .text.libgcc.builtins
                0x00000000        0x0 c:/program files (x86)/atmel/studio/7.0/toolchain/avr8/avr8-gnu-toolchain/bin/../lib/gcc/avr/5.4.0/avr5\libgcc.a(_udivmodhi4.o)
 .text.libgcc.fmul
                0x00000000        0x0 c:/program files (x86)/atmel/studio/7.0/toolchain/avr8/avr8-gnu-toolchain/bin/../lib/gcc/avr/5.4.0/avr5\libgcc.a(_udivmodhi4.o)
 .text.libgcc.fixed
                0x00000000        0x0 c:/program files (x86)/atmel/studio/7.0/toolchain/avr8/avr8-gnu-toolchain/bin/../lib/gcc/avr/5.4.0/avr5\libgcc.a(_udivmodhi4.o)
 .text          0x00000000        0x0 c:/program files (x86)/atmel/studio/7.0/toolchain/avr8/avr8-gnu-toolchain/bin/../lib/gcc/avr/5.4.0/avr5\libgcc.a(_divmodhi4.o)
 .data          0x00000000        0x0 c:/program files (x86)/atmel/studio/7.0/toolchain/avr8/avr8-gnu-toolchain/bin/../lib/gcc/avr/5.4.0/avr5\libgcc.a(_divmodhi4.o)
 .bss           0x00000000        0x0 c:/program files (x86)/atmel/studio/7.0/toolchain/avr8/avr8-gnu-toolchain/bin/../lib/gcc/avr/5.4.0/avr5\libgcc.a(_divmodhi4.o)
 .text.libgcc.mul
                0x00000000        0x0 c:/program files (x86)/atmel/studio/7.0/toolchain/avr8/avr8-gnu-toolchain/bin/../lib/gcc/avr/5.4.0/avr5\libgcc.a(_divmodhi4.o)
 .text.libgcc.div
                0x00000000       0x28 c:/program files (x86)/atmel/studio/7.0/toolchain/avr8/avr8-gnu-toolchain/bin/../lib/gcc/avr/5.4.0/avr5\libgcc.a(_divmodhi4.o)
 .text.libgcc   0x00000000        0x0 c:/program files (x86)/atmel/studio/7.0/toolchain/avr8/avr8-gnu-toolchain/bin/../lib/gcc/avr/5.4.0/avr5\libgcc.a(_divmodhi4.o)
 .text.libgcc.prologue
                0x00000000        0x0 c:/program files (x86)/atmel/studio/7.0/toolchain/avr8/avr8-gnu-toolchain/bin/../lib/gcc/avr/5.4.0/avr5\libgcc.a(_divmodhi4.o)
 .text.libgcc.builtins
                0x00000000        0x0 c:/program files (x86)/atmel/studio/7.0/toolchain/avr8/avr8-gnu-toolchain/bin/../lib/gcc/avr/5.4.0/avr5\libgcc.a(_divmodhi4.o)
 .text.libgcc.fmul
                0x00000000        0x0 c:/program files (x86)/atmel/studio/7.0/toolchain/avr8/avr8-gnu-toolchain/bin/../lib/gcc/avr/5.4.0/avr5\libgcc.a(_divmodhi4.o)
 .text.libgcc.fixed
                0x00000000        0x0 c:/program files (x86)/atmel/studio/7.0/toolchain/avr8/avr8-gnu-toolchain/bin/../lib/gcc/avr/5.4.0/avr5\libgcc.a(_divmodhi4.o)
 .text          0x00000000        0x0 c:/program files (x86)/atmel/studio/7.0/toolchain/avr8/avr8-gnu-toolchain/bin/../lib/gcc/avr/5.4.0/avr5\libgcc.a(_udivmodsi4.o)
 .data          0x00000000        0x0 c:/program files (x86)/atmel/studio/7.0/toolchain/avr8/avr8-gnu-toolchain/bin/../lib/gcc/avr/5.4.0/avr5\libgcc.a(_udivmodsi4.o)
 .bss           0x00000000        0x0 c:/program files (x86)/atmel/studio/7.0/toolchain/avr8/avr8-gnu-toolchain/bin/../lib/gcc/avr/5.4.0/avr5\libgcc.a(_udivmodsi4.o)
 .text.libgcc.mul
                0x00000000        0x0 c:/program files (x86)/atmel/studio/7.0/toolchain/avr8/avr8-gnu-toolchain/bin/../lib/gcc/avr/5.4.0/avr5\libgcc.a(_udivmodsi4.o)
 .text.libgcc   0x00000000        0x0 c:/program files (x86)/atmel/studio/7.0/toolchain/avr8/avr8-gnu-toolchain/bin/../lib/gcc/avr/5.4.0/avr5\libgcc.a(_udivmodsi4.o)
 .text.libgcc.prologue
                0x00000000        0x0 c:/program files (x86)/atmel/studio/7.0/toolchain/avr8/avr8-gnu-toolchain/bin/../lib/gcc/avr/5.4.0/avr5\libgcc.a(_udivmodsi4.o)
 .text.libgcc.builtins
                0x00000000        0x0 c:/program files (x86)/atmel/studio/7.0/toolchain/avr8/avr8-gnu-toolchain/bin/../lib/gcc/avr/5.4.0/avr5\libgcc.a(_udivmodsi4.o)
 .text.libgcc.fmul
                0x00000000        0x0 c:/program files (x86)/atmel/studio/7.0/toolchain/avr8/avr8-gnu-toolchain/bin/../lib/gcc/avr/5.4.0/avr5\libgcc.a(_udivmodsi4.o)
 .text.libgcc.fixed
                0x00000000        0x0 c:/program files (x86)/atmel/studio/7.0/toolchain/avr8/avr8-gnu-toolchain/bin/../lib/gcc/avr/5.4.0/avr5\libgcc.a(_udivmodsi4.o)
 .text          0x00000000        0x0 c:/program files (x86)/atmel/studio/7.0/toolchain/avr8/avr8-gnu-toolchain/bin/../lib/gcc/avr/5.4.0/avr5\libgcc.a(_divmodsi4.o)
 .data          0x00000000        0x0 c:/program files (x86)/atmel/studio/7.0/toolchain/avr8/avr8-gnu-toolchain/bin/../lib/gcc/avr/5.4.0/avr5\libgcc.a(_divmodsi4.o)
 .bss           0x00000000        0x0 c:/program files (x86)/atmel/studio/7.0/toolchain/avr8/avr8-gnu-toolchain/bin/../lib/gcc/avr/5.4.0/avr5\libgcc.a(_divmodsi4.o)
 .text.libgcc.mul
                0x00000000        0x0 c:/program files (x86)/atmel/studio/7.0/toolchain/avr8/avr8-gnu-toolchain/bin/../lib/gcc/avr/5.4.0/avr5\libgcc.a(_divmodsi4.o)
 .text.libgcc   0x00000000        0x0 c:/program files (x86)/atmel/studio/7.0/toolchain/avr8/avr8-gnu-toolchain/bin/../lib/gcc/avr/5.4.0/avr5\libgcc.a(_divmodsi4.o)
 .text.libgcc.prologue
                0x00000000        0x0 c:/program files (x86)/atmel/studio/7.0/toolchain/avr8/avr8-gnu-toolchain/bin/../lib/gcc/avr/5.4.0/avr5\libgcc.a(_divmodsi4.o)
 .text.libgcc.builtins
                0x00000000        0x0 c:/program files (x86)/atmel/studio/7.0/toolchain/avr8/avr8-gnu-toolchain/bin/../lib/gcc/avr/5.4.0/avr5\libgcc.a(_divmodsi4.o)
 .text.libgcc.fmul
                0x00000000        0x0 c:/program files (x86)/atmel/studio/7.0/toolchain/avr8/avr8-gnu-toolchain/bin/../lib/gcc/avr/5.4.0/avr5\libgcc.a(_divmodsi4.o)
 .text.libgcc.fixed
                0x00000000        0x0 c:/program files (x86)/atmel/studio/7.0/toolchain/avr8/avr8-gnu-toolchain/bin/../lib/gcc/avr/5.4.0/avr5\libgcc.a(_divmodsi4.o)
 .text          0x00000000        0x0 c:/program files (x86)/atmel/studio/7.0/toolchain/avr8/avr8-gnu-toolchain/bin/../lib/gcc/avr/5.4.0/avr5\libgcc.a(_negsi2.o)
 .data          0x00000000        0x0 c:/program files (x86)/atmel/studio/7.0/toolchain/avr8/avr8-gnu-toolchain/bin/../lib/gcc/avr/5.4.0/avr5\libgcc.a(_negsi2.o)
 .bss           0x00000000        0x0 c:/program files (x86)/atmel/studio/7.0/toolchain/avr8/avr8-gnu-toolchain/bin/../lib/gcc/avr/5.4.0/avr5\libgcc.a(_negsi2.o)
 .text.libgcc.mul
                0x00000000        0x0 c:/program files (x86)/atmel/studio/7.0/toolchain/avr8/avr8-gnu-toolchain/bin/../lib/gcc/avr/5.4.0/avr5\libgcc.a(_negsi2.o)
 .text.libgcc   0x00000000        0x0 c:/program files (x86)/atmel/studio/7.0/toolchain/avr8/avr8-gnu-toolchain/bin/../lib/gcc/avr/5.4.0/avr5\libgcc.a(_negsi2.o)
 .text.libgcc.prologue
                0x00000000        0x0 c:/program files (x86)/atmel/studio/7.0/toolchain/avr8/avr8-gnu-toolchain/bin/../lib/gcc/avr/5.4.0/avr5\libgcc.a(_negsi2.o)
 .text.libgcc.builtins
                0x00000000        0x0 c:/program files (x86)/atmel/studio/7.0/toolchain/avr8/avr8-gnu-toolchain/bin/../lib/gcc/avr/5.4.0/avr5\libgcc.a(_negsi2.o)
 .text.libgcc.fmul
                0x00000000        0x0 c:/program files (x86)/atmel/studio/7.0/toolchain/avr8/avr8-gnu-toolchain/bin/../lib/gcc/avr/5.4.0/avr5\libgcc.a(_negsi2.o)
 .text.libgcc.fixed
                0x00000000        0x0 c:/program files (x86)/atmel/studio/7.0/toolchain/avr8/avr8-gnu-toolchain/bin/../lib/gcc/avr/5.4.0/avr5\libgcc.a(_negsi2.o)
 .text          0x00000000        0x0 c:/program files (x86)/atmel/studio/7.0/toolchain/avr8/avr8-gnu-toolchain/bin/../lib/gcc/avr/5.4.0/avr5\libgcc.a(_exit.o)
 .data          0x00000000        0x0 c:/program files (x86)/atmel/studio/7.0/toolchain/avr8/avr8-gnu-toolchain/bin/../lib/gcc/avr/5.4.0/avr5\libgcc.a(_exit.o)
 .bss           0x00000000        0x0 c:/program files (x86)/atmel/studio/7.0/toolchain/avr8/avr8-gnu-toolchain/bin/../lib/gcc/avr/5.4.0/avr5\libgcc.a(_exit.o)
 .text.libgcc.mul
                0x00000000        0x0 c:/program files (x86)/atmel/studio/7.0/toolchain/avr8/avr8-gnu-toolchain/bin/../lib/gcc/avr/5.4.0/avr5\libgcc.a(_exit.o)
 .text.libgcc.div
                0x00000000        0x0 c:/program files (x86)/atmel/studio/7.0/toolchain/avr8/avr8-gnu-toolchain/bin/../lib/gcc/avr/5.4.0/avr5\libgcc.a(_exit.o)
 .text.libgcc   0x00000000        0x0 c:/program files (x86)/atmel/studio/7.0/toolchain/avr8/avr8-gnu-toolchain/bin/../lib/gcc/avr/5.4.0/avr5\libgcc.a(_exit.o)
 .text.libgcc.prologue
                0x00000000        0x0 c:/program files (x86)/atmel/studio/7.0/toolchain/avr8/avr8-gnu-toolchain/bin/../lib/gcc/avr/5.4.0/avr5\libgcc.a(_exit.o)
 .text.libgcc.builtins
                0x00000000        0x0 c:/program files (x86)/atmel/studio/7.0/toolchain/avr8/avr8-gnu-toolchain/bin/../lib/gcc/avr/5.4.0/avr5\libgcc.a(_exit.o)
 .text.libgcc.fmul
                0x00000000        0x0 c:/program files (x86)/atmel/studio/7.0/toolchain/avr8/avr8-gnu-toolchain/bin/../lib/gcc/avr/5.4.0/avr5\libgcc.a(_exit.o)
 .text.libgcc.fixed
                0x00000000        0x0 c:/program files (x86)/atmel/studio/7.0/toolchain/avr8/avr8-gnu-toolchain/bin/../lib/gcc/avr/5.4.0/avr5\libgcc.a(_exit.o)
 .text          0x00000000        0x0 c:/program files (x86)/atmel/studio/7.0/toolchain/avr8/avr8-gnu-toolchain/bin/../lib/gcc/avr/5.4.0/avr5\libgcc.a(_copy_data.o)
 .data          0x00000000        0x0 c:/program files (x86)/atmel/studio/7.0/toolchain/avr8/avr8-gnu-toolchain/bin/../lib/gcc/avr/5.4.0/avr5\libgcc.a(_copy_data.o)
 .bss           0x00000000        0x0 c:/program files (x86)/atmel/studio/7.0/toolchain/avr8/avr8-gnu-toolchain/bin/../lib/gcc/avr/5.4.0/avr5\libgcc.a(_copy_data.o)
 .text.libgcc.mul
                0x00000000        0x0 c:/program files (x86)/atmel/studio/7.0/toolchain/avr8/avr8-gnu-toolchain/bin/../lib/gcc/avr/5.4.0/avr5\libgcc.a(_copy_data.o)
 .text.libgcc.div
                0x00000000        0x0 c:/program files (x86)/atmel/studio/7.0/toolchain/avr8/avr8-gnu-toolchain/bin/../lib/gcc/avr/5.4.0/avr5\libgcc.a(_copy_data.o)
 .text.libgcc   0x00000000        0x0 c:/program files (x86)/atmel/studio/7.0/toolchain/avr8/avr8-gnu-toolchain/bin/../lib/gcc/avr/5.4.0/avr5\libgcc.a(_copy_data.o)
 .text.libgcc.prologue
                0x00000000        0x0 c:/program files (x86)/atmel/studio/7.0/toolchain/avr8/avr8-gnu-toolchain/bin/../lib/gcc/avr/5.4.0/avr5\libgcc.a(_copy_data.o)
 .text.libgcc.builtins
                0x00000000        0x0 c:/program files (x86)/atmel/studio/7.0/toolchain/avr8/avr8-gnu-toolchain/bin/../lib/gcc/avr/5.4.0/avr5\libgcc.a(_copy_data.o)
 .text.libgcc.fmul
                0x00000000        0x0 c:/program files (x86)/atmel/studio/7.0/toolchain/avr8/avr8-gnu-toolchain/bin/../lib/gcc/avr/5.4.0/avr5\libgcc.a(_copy_data.o)
 .text.libgcc.fixed
                0x00000000        0x0 c:/program files (x86)/atmel/studio/7.0/toolchain/avr8/avr8-gnu-toolchain/bin/../lib/gcc/avr/5.4.0/avr5\libgcc.a(_copy_data.o)
 .text          0x00000000        0x0 c:/program files (x86)/atmel/studio/7.0/toolchain/avr8/avr8-gnu-toolchain/bin/../lib/gcc/avr/5.4.0/avr5\libgcc.a(_clear_bss.o)
 .data          0x00000000        0x0 c:/program files (x86)/atmel/studio/7.0/toolchain/avr8/avr8-gnu-toolchain/bin/../lib/gcc/avr/5.4.0/avr5\libgcc.a(_clear_bss.o)
 .bss           0x00000000        0x0 c:/program files (x86)/atmel/studio/7.0/toolchain/avr8/avr8-gnu-toolchain/bin/../lib/gcc/avr/5.4.0/avr5\libgcc.a(_clear_bss.o)
 .text.libgcc.mul
                0x00000000        0x0 c:/program files (x86)/atmel/studio/7.0/toolchain/avr8/avr8-gnu-toolchain/bin/../lib/gcc/avr/5.4.0/avr5\libgcc.a(_clear_bss.o)
 .text.libgcc.div
                0x00000000        0x0 c:/program files (x86)/atmel/studio/7.0/toolchain/avr8/avr8-gnu-toolchain/bin/../lib/gcc/avr/5.4.0/avr5\libgcc.a(_clear_bss.o)
 .text.libgcc   0x00000000        0x0 c:/program files (x86)/atmel/studio/7.0/toolchain/avr8/avr8-gnu-toolchain/bin/../lib/gcc/avr/5.4.0/avr5\libgcc.a(_clear_bss.o)
 .text.libgcc.prologue
                0x00000000        0x0 c:/program files (x86)/atmel/studio/7.0/toolchain/avr8/avr8-gnu-toolchain/bin/../lib/gcc/avr/5.4.0/avr5\libgcc.a(_clear_bss.o)
 .text.libgcc.builtins
                0x00000000        0x0 c:/program files (x86)/atmel/studio/7.0/toolchain/avr8/avr8-gnu-toolchain/bin/../lib/gcc/avr/5.4.0/avr5\libgcc.a(_clear_bss.o)
 .text.libgcc.fmul
                0x00000000        0x0 c:/program files (x86)/atmel/studio/7.0/toolchain/avr8/avr8-gnu-toolchain/bin/../lib/gcc/avr/5.4.0/avr5\libgcc.a(_clear_bss.o)
 .text.libgcc.fixed
                0x00000000        0x0 c:/program files (x86)/atmel/studio/7.0/toolchain/avr8/avr8-gnu-toolchain/bin/../lib/gcc/avr/5.4.0/avr5\libgcc.a(_clear_bss.o)
 .text          0x00000000        0x0 c:/program files (x86)/atmel/studio/7.0/toolchain/avr8/avr8-gnu-toolchain/bin/../lib/gcc/avr/5.4.0/avr5\libgcc.a(_umulhisi3.o)
 .data          0x00000000        0x0 c:/program files (x86)/atmel/studio/7.0/toolchain/avr8/avr8-gnu-toolchain/bin/../lib/gcc/avr/5.4.0/avr5\libgcc.a(_umulhisi3.o)
 .bss           0x00000000        0x0 c:/program files (x86)/atmel/studio/7.0/toolchain/avr8/avr8-gnu-toolchain/bin/../lib/gcc/avr/5.4.0/avr5\libgcc.a(_umulhisi3.o)
 .text.libgcc.div
                0x00000000        0x0 c:/program files (x86)/atmel/studio/7.0/toolchain/avr8/avr8-gnu-toolchain/bin/../lib/gcc/avr/5.4.0/avr5\libgcc.a(_umulhisi3.o)
 .text.libgcc   0x00000000        0x0 c:/program files (x86)/atmel/studio/7.0/toolchain/avr8/avr8-gnu-toolchain/bin/../lib/gcc/avr/5.4.0/avr5\libgcc.a(_umulhisi3.o)
 .text.libgcc.prologue
                0x00000000        0x0 c:/program files (x86)/atmel/studio/7.0/toolchain/avr8/avr8-gnu-toolchain/bin/../lib/gcc/avr/5.4.0/avr5\libgcc.a(_umulhisi3.o)
 .text.libgcc.builtins
                0x00000000        0x0 c:/program files (x86)/atmel/studio/7.0/toolchain/avr8/avr8-gnu-toolchain/bin/../lib/gcc/avr/5.4.0/avr5\libgcc.a(_umulhisi3.o)
 .text.libgcc.fmul
                0x00000000        0x0 c:/program files (x86)/atmel/studio/7.0/toolchain/avr8/avr8-gnu-toolchain/bin/../lib/gcc/avr/5.4.0/avr5\libgcc.a(_umulhisi3.o)
 .text.libgcc.fixed
                0x00000000        0x0 c:/program files (x86)/atmel/studio/7.0/toolchain/avr8/avr8-gnu-toolchain/bin/../lib/gcc/avr/5.4.0/avr5\libgcc.a(_umulhisi3.o)
 .text          0x00000000        0x0 c:/program files (x86)/atmel/studio/7.0/toolchain/avr8/avr8-gnu-toolchain/bin/../lib/gcc/avr/5.4.0/avr5\libgcc.a(_muluhisi3.o)
 .data          0x00000000        0x0 c:/program files (x86)/atmel/studio/7.0/toolchain/avr8/avr8-gnu-toolchain/bin/../lib/gcc/avr/5.4.0/avr5\libgcc.a(_muluhisi3.o)
 .bss           0x00000000        0x0 c:/program files (x86)/atmel/studio/7.0/toolchain/avr8/avr8-gnu-toolchain/bin/../lib/gcc/avr/5.4.0/avr5\libgcc.a(_muluhisi3.o)
 .text.libgcc.mul
                0x00000000       0x16 c:/program files (x86)/atmel/studio/7.0/toolchain/avr8/avr8-gnu-toolchain/bin/../lib/gcc/avr/5.4.0/avr5\libgcc.a(_muluhisi3.o)
 .text.libgcc.div
                0x00000000        0x0 c:/program files (x86)/atmel/studio/7.0/toolchain/avr8/avr8-gnu-toolchain/bin/../lib/gcc/avr/5.4.0/avr5\libgcc.a(_muluhisi3.o)
 .text.libgcc   0x00000000        0x0 c:/program files (x86)/atmel/studio/7.0/toolchain/avr8/avr8-gnu-toolchain/bin/../lib/gcc/avr/5.4.0/avr5\libgcc.a(_muluhisi3.o)
 .text.libgcc.prologue
                0x00000000        0x0 c:/program files (x86)/atmel/studio/7.0/toolchain/avr8/avr8-gnu-toolchain/bin/../lib/gcc/avr/5.4.0/avr5\libgcc.a(_muluhisi3.o)
 .text.libgcc.builtins
                0x00000000        0x0 c:/program files (x86)/atmel/studio/7.0/toolchain/avr8/avr8-gnu-toolchain/bin/../lib/gcc/avr/5.4.0/avr5\libgcc.a(_muluhisi3.o)
 .text.libgcc.fmul
                0x00000000        0x0 c:/program files (x86)/atmel/studio/7.0/toolchain/avr8/avr8-gnu-toolchain/bin/../lib/gcc/avr/5.4.0/avr5\libgcc.a(_muluhisi3.o)
 .text.libgcc.fixed
                0x00000000        0x0 c:/program files (x86)/atmel/studio/7.0/toolchain/avr8/avr8-gnu-toolchain/bin/../lib/gcc/avr/5.4.0/avr5\libgcc.a(_muluhisi3.o)

Memory Configuration

Name             Origin             Length             Attributes
text             0x00000000         0x00008000         xr
data             0x00800060         0x00000800         rw !x
eeprom           0x00810000         0x00000400         rw !x
fuse             0x00820000         0x00000002         rw !x
lock             0x00830000         0x00000400         rw !x
signature        0x00840000         0x00000400         rw !x
user_signatures  0x00850000         0x00000400         rw !x
*default*        0x00000000         0xffffffff

Linker script and memory map

LOAD C:/Program Files (x86)/Atmel/Studio/7.0/Packs/atmel/ATmega_DFP/1.7.374/gcc/dev/atmega32/avr5/crtatmega32.o
LOAD APP/Car.o
LOAD APP/TEMP_Filter.o
LOAD APP/UART_Task.o
LOAD CFG/DIO_Cfg.o
LOAD CFG/EX_Interrupt_Cfg.o
LOAD HAL/KeyPad.o
LOAD HAL/LCD.o
LOAD HAL/Motors.o
LOAD HAL/RGB.o
LOAD HAL/Sensors.o
LOAD HAL/Servo.o
LOAD HAL/Ultrasonic.o
LOAD main.o
LOAD MCAL/ADC.o
LOAD MCAL/DIO.o
LOAD MCAL/EEPROM.o
LOAD MCAL/EX_Interrupt.o
LOAD MCAL/I2C.o
LOAD MCAL/SPI.o
LOAD MCAL/Timers.o
LOAD MCAL/UART.o
LOAD MCAL/WDT.o
LOAD Segment.o
LOAD SERVICES/Timers_Services.o
LOAD SERVICES/UART_Service.o
START GROUP
LOAD c:/program files (x86)/atmel/studio/7.0/toolchain/avr8/avr8-gnu-toolchain/bin/../lib/gcc/avr/5.4.0/../../../../avr/lib/avr5\libm.a
END GROUP
START GROUP
LOAD c:/program files (x86)/atmel/studio/7.0/toolchain/avr8/avr8-gnu-toolchain/bin/../lib/gcc/avr/5.4.0/avr5\libgcc.a
LOAD c:/program files (x86)/atmel/studio/7.0/toolchain/avr8/avr8-gnu-toolchain/bin/../lib/gcc/avr/5.4.0/../../../../avr/lib/avr5\libm.a
LOAD c:/program files (x86)/atmel/studio/7.0/toolchain/avr8/avr8-gnu-toolchain/bin/../lib/gcc/avr/5.4.0/../../../../avr/lib/avr5\libc.a
LOAD C:/Program Files (x86)/Atmel/Studio/7.0/Packs/atmel/ATmega_DFP/1.7.374/gcc/dev/atmega32/avr5\libatmega32.a
END GROUP
                0x00000000                __TEXT_REGION_ORIGIN__ = DEFINED (__TEXT_REGION_ORIGIN__)?__TEXT_REGION_ORIGIN__:0x0
                [0x00800060]                __DATA_REGION_ORIGIN__ = DEFINED (__DATA_REGION_ORIGIN__)?__DATA_REGION_ORIGIN__:0x800060
                [0x00008000]                __TEXT_REGION_LENGTH__ = DEFINED (__TEXT_REGION_LENGTH__)?__TEXT_REGION_LENGTH__:0x20000
                [0x00000800]                __DATA_REGION_LENGTH__ = DEFINED (__DATA_REGION_LENGTH__)?__DATA_REGION_LENGTH__:0xffa0
                [0x00000400]                __EEPROM_REGION_LENGTH__ = DEFINED (__EEPROM_REGION_LENGTH__)?__EEPROM_REGION_LENGTH__:0x10000
                [0x00000002]                __FUSE_REGION_LENGTH__ = DEFINED (__FUSE_REGION_LENGTH__)?__FUSE_REGION_LENGTH__:0x400
                0x00000400                __LOCK_REGION_LENGTH__ = DEFINED (__LOCK_REGION_LENGTH__)?__LOCK_REGION_LENGTH__:0x400
                0x00000400                __SIGNATURE_REGION_LENGTH__ = DEFINED (__SIGNATURE_REGION_LENGTH__)?__SIGNATURE_REGION_LENGTH__:0x400
                0x00000400                __USER_SIGNATURE_REGION_LENGTH__ = DEFINED (__USER_SIGNATURE_REGION_LENGTH__)?__USER_SIGNATURE_REGION_LENGTH__:0x400

.hash
 *(.hash)

.dynsym
 *(.dynsym)

.dynstr
 *(.dynstr)

.gnu.version
 *(.gnu.version)

.gnu.version_d
 *(.gnu.version_d)

.gnu.version_r
 *(.gnu.version_r)

.rel.init
 *(.rel.init)

.rela.init
 *(.rela.init)

.rel.text
 *(.rel.text)
 *(.rel.text.*)
 *(.rel.gnu.linkonce.t*)

.rela.text
 *(.rela.text)
 *(.rela.text.*)
 *(.rela.gnu.linkonce.t*)

.rel.fini
 *(.rel.fini)

.rela.fini
 *(.rela.fini)

.rel.rodata
 *(.rel.rodata)
 *(.rel.rodata.*)
 *(.rel.gnu.linkonce.r*)

.rela.rodata
 *(.rela.rodata)
 *(.rela.rodata.*)
 *(.rela.gnu.linkonce.r*)

.rel.data
 *(.rel.data)
 *(.rel.data.*)
 *(.rel.gnu.linkonce.d*)

.rela.data
 *(.rela.data)
 *(.rela.data.*)
 *(.rela.gnu.linkonce.d*)

.rel.ctors
 *(.rel.ctors)

.rela.ctors
 *(.rela.ctors)

.rel.dtors
 *(.rel.dtors)

.rela.dtors
 *(.rela.dtors)

.rel.got
 *(.rel.got)

.rela.got
 *(.rela.got)

.rel.bss
 *(.rel.bss)

.rela.bss
 *(.rela.bss)

.rel.plt
 *(.rel.plt)

.rela.plt
 *(.rela.plt)

.text           0x00000000      0xe8a
 *(.vectors)
 .vectors       0x00000000       0x54 C:/Program Files (x86)/Atmel/Studio/7.0/Packs/atmel/ATmega_DFP/1.7.374/gcc/dev/atmega32/avr5/crtatmega32.o
                0x00000000                __vector_default
                0x00000000                __vectors
 *(.vectors)
 *(.progmem.gcc*)
                0x00000054                . = ALIGN (0x2)
                0x00000054                __trampolines_start = .
 *(.trampolines)
 .trampolines   0x00000054        0x0 linker stubs
 *(.trampolines*)
                0x00000054                __trampolines_end = .
 *libprintf_flt.a:*(.progmem.data)
 *libc.a:*(.progmem.data)
 *(.progmem*)
                0x00000054                . = ALIGN (0x2)
 *(.jumptables)
 *(.jumptables*)
 *(.lowtext)
 *(.lowtext*)
                0x00000054                __ctors_start = .
 *(.ctors)
                0x00000054                __ctors_end = .
                0x00000054                __dtors_start = .
 *(.dtors)
                0x00000054                __dtors_end = .
 SORT(*)(.ctors)
 SORT(*)(.dtors)
 *(.init0)
 .init0         0x00000054        0x0 C:/Program Files (x86)/Atmel/Studio/7.0/Packs/atmel/ATmega_DFP/1.7.374/gcc/dev/atmega32/avr5/crtatmega32.o
                0x00000054                __init
 *(.init0)
 *(.init1)
 *(.init1)
 *(.init2)
 .init2         0x00000054        0xc C:/Program Files (x86)/Atmel/Studio/7.0/Packs/atmel/ATmega_DFP/1.7.374/gcc/dev/atmega32/avr5/crtatmega32.o
 *(.init2)
 *(.init3)
 *(.init3)
 *(.init4)
 .init4         0x00000060       0x16 c:/program files (x86)/atmel/studio/7.0/toolchain/avr8/avr8-gnu-toolchain/bin/../lib/gcc/avr/5.4.0/avr5\libgcc.a(_copy_data.o)
                0x00000060                __do_copy_data
 .init4         0x00000076       0x10 c:/program files (x86)/atmel/studio/7.0/toolchain/avr8/avr8-gnu-toolchain/bin/../lib/gcc/avr/5.4.0/avr5\libgcc.a(_clear_bss.o)
                0x00000076                __do_clear_bss
 *(.init4)
 *(.init5)
 *(.init5)
 *(.init6)
 *(.init6)
 *(.init7)
 *(.init7)
 *(.init8)
 *(.init8)
 *(.init9)
 .init9         0x00000086        0x8 C:/Program Files (x86)/Atmel/Studio/7.0/Packs/atmel/ATmega_DFP/1.7.374/gcc/dev/atmega32/avr5/crtatmega32.o
 *(.init9)
 *(.text)
 .text          0x0000008e        0x4 C:/Program Files (x86)/Atmel/Studio/7.0/Packs/atmel/ATmega_DFP/1.7.374/gcc/dev/atmega32/avr5/crtatmega32.o
                0x0000008e                __vector_12
                0x0000008e                __bad_interrupt
                0x0000008e                __vector_11
                0x0000008e                __vector_17
                0x0000008e                __vector_19
                0x0000008e                __vector_5
                0x0000008e                __vector_4
                0x0000008e                __vector_14
                0x0000008e                __vector_10
                0x0000008e                __vector_16
                0x0000008e                __vector_18
                0x0000008e                __vector_20
                0x00000092                . = ALIGN (0x2)
 *(.text.*)
 .text.KEYPAD_Init
                0x00000092       0x22 HAL/KeyPad.o
                0x00000092                KEYPAD_Init
 .text.KEYPAD_GetKey
                0x000000b4       0x76 HAL/KeyPad.o
                0x000000b4                KEYPAD_GetKey
 .text.WriteIns
                0x0000012a       0xc0 HAL/LCD.o
 .text.WriteData
                0x000001ea       0xc0 HAL/LCD.o
 .text.LCD_Init
                0x000002aa       0x3e HAL/LCD.o
                0x000002aa                LCD_Init
 .text.LCD_WriteChar
                0x000002e8        0x6 HAL/LCD.o
                0x000002e8                LCD_WriteChar
 .text.LCD_WriteString
                0x000002ee       0x26 HAL/LCD.o
                0x000002ee                LCD_WriteString
 .text.LCD_SetCursor
                0x00000314       0x1c HAL/LCD.o
                0x00000314                LCD_SetCursor
 .text.LCD_WriteNumber
                0x00000330       0xc2 HAL/LCD.o
                0x00000330                LCD_WriteNumber
 .text.POT_Read
                0x000003f2       0x20 HAL/Sensors.o
                0x000003f2                POT_Read
 .text.TEMP_Read
                0x00000412        0x8 HAL/Sensors.o
                0x00000412                TEMP_Read
 .text.main     0x0000041a      0x30a main.o
                0x0000041a                main
 .text.ADC_Init
                0x00000724       0x4a MCAL/ADC.o
                0x00000724                ADC_Init
 .text.ADC_Read
                0x0000076e       0x1c MCAL/ADC.o
                0x0000076e                ADC_Read
 .text.ADC_ReadVolt
                0x0000078a       0x26 MCAL/ADC.o
                0x0000078a                ADC_ReadVolt
 .text.DIO_InitPin
                0x000007b0      0x1fa MCAL/DIO.o
 .text.DIO_Init
                0x000009aa       0x20 MCAL/DIO.o
                0x000009aa                DIO_Init
 .text.DIO_WritePin
                0x000009ca      0x10a MCAL/DIO.o
                0x000009ca                DIO_WritePin
 .text.DIO_ReadPin
                0x00000ad4       0x70 MCAL/DIO.o
                0x00000ad4                DIO_ReadPin
 .text.__vector_1
                0x00000b44       0x10 MCAL/EX_Interrupt.o
                0x00000b44                __vector_1
 .text.__vector_2
                0x00000b54       0x54 MCAL/EX_Interrupt.o
                0x00000b54                __vector_2
 .text.__vector_3
                0x00000ba8       0x52 MCAL/EX_Interrupt.o
                0x00000ba8                __vector_3
 .text.__vector_9
                0x00000bfa       0x52 MCAL/Timers.o
                0x00000bfa                __vector_9
 .text.__vector_7
                0x00000c4c       0x52 MCAL/Timers.o
                0x00000c4c                __vector_7
 .text.__vector_8
                0x00000c9e       0x52 MCAL/Timers.o
                0x00000c9e                __vector_8
 .text.__vector_6
                0x00000cf0       0x52 MCAL/Timers.o
                0x00000cf0                __vector_6
 .text.__vector_13
                0x00000d42       0x52 MCAL/UART.o
                0x00000d42                __vector_13
 .text.__vector_15
                0x00000d94       0x52 MCAL/UART.o
                0x00000d94                __vector_15
 .text.libgcc.div
                0x00000de6       0x44 c:/program files (x86)/atmel/studio/7.0/toolchain/avr8/avr8-gnu-toolchain/bin/../lib/gcc/avr/5.4.0/avr5\libgcc.a(_udivmodsi4.o)
                0x00000de6                __udivmodsi4
 .text.libgcc.div
                0x00000e2a       0x2e c:/program files (x86)/atmel/studio/7.0/toolchain/avr8/avr8-gnu-toolchain/bin/../lib/gcc/avr/5.4.0/avr5\libgcc.a(_divmodsi4.o)
                0x00000e2a                __divmodsi4
 .text.libgcc.div
                0x00000e58       0x10 c:/program files (x86)/atmel/studio/7.0/toolchain/avr8/avr8-gnu-toolchain/bin/../lib/gcc/avr/5.4.0/avr5\libgcc.a(_negsi2.o)
                0x00000e58                __negsi2
 .text.libgcc.mul
                0x00000e68       0x1e c:/program files (x86)/atmel/studio/7.0/toolchain/avr8/avr8-gnu-toolchain/bin/../lib/gcc/avr/5.4.0/avr5\libgcc.a(_umulhisi3.o)
                0x00000e68                __umulhisi3
                0x00000e86                . = ALIGN (0x2)
 *(.fini9)
 .fini9         0x00000e86        0x0 c:/program files (x86)/atmel/studio/7.0/toolchain/avr8/avr8-gnu-toolchain/bin/../lib/gcc/avr/5.4.0/avr5\libgcc.a(_exit.o)
                0x00000e86                _exit
                0x00000e86                exit
 *(.fini9)
 *(.fini8)
 *(.fini8)
 *(.fini7)
 *(.fini7)
 *(.fini6)
 *(.fini6)
 *(.fini5)
 *(.fini5)
 *(.fini4)
 *(.fini4)
 *(.fini3)
 *(.fini3)
 *(.fini2)
 *(.fini2)
 *(.fini1)
 *(.fini1)
 *(.fini0)
 .fini0         0x00000e86        0x4 c:/program files (x86)/atmel/studio/7.0/toolchain/avr8/avr8-gnu-toolchain/bin/../lib/gcc/avr/5.4.0/avr5\libgcc.a(_exit.o)
 *(.fini0)
                0x00000e8a                _etext = .

.data           0x00800060       0xb8 load address 0x00000e8a
                0x00800060                PROVIDE (__data_start, .)
 *(.data)
 *(.data*)
 *(.gnu.linkonce.d*)
 *(.rodata)
 *(.rodata*)
 .rodata.PinsStatusArray
                0x00800060       0x20 CFG/DIO_Cfg.o
                0x00800060                PinsStatusArray
 .rodata.KeysArray
                0x00800080       0x10 HAL/KeyPad.o
                0x00800080                KeysArray
 .rodata.str1.1
                0x00800090       0x88 main.o
                                 0xd4 (size before relaxing)
 *(.gnu.linkonce.r*)
                0x00800118                . = ALIGN (0x2)
                0x00800118                _edata = .
                0x00800118                PROVIDE (__data_end, .)

.bss            0x00800118       0x12
                0x00800118                PROVIDE (__bss_start, .)
 *(.bss)
 *(.bss*)
 .bss.INT2_Fptr
                0x00800118        0x2 MCAL/EX_Interrupt.o
 .bss.INT1_Fptr
                0x0080011a        0x2 MCAL/EX_Interrupt.o
 .bss.INT0_Fptr
                0x0080011c        0x2 MCAL/EX_Interrupt.o
 .bss.Timer1_ICU_Fptr
                0x0080011e        0x2 MCAL/Timers.o
 .bss.Timer1_OCB_Fptr
                0x00800120        0x2 MCAL/Timers.o
 .bss.Timer1_OCA_Fptr
                0x00800122        0x2 MCAL/Timers.o
 .bss.Timer1_OVF_Fptr
                0x00800124        0x2 MCAL/Timers.o
 .bss.UART_TX_Fptr
                0x00800126        0x2 MCAL/UART.o
 .bss.UART_RX_Fptr
                0x00800128        0x2 MCAL/UART.o
 *(COMMON)
                0x0080012a                PROVIDE (__bss_end, .)
                0x00000e8a                __data_load_start = LOADADDR (.data)
                0x00000f42                __data_load_end = (__data_load_start + SIZEOF (.data))

.noinit         0x0080012a        0x0
                [!provide]                PROVIDE (__noinit_start, .)
 *(.noinit*)
                [!provide]                PROVIDE (__noinit_end, .)
                0x0080012a                _end = .
                [!provide]                PROVIDE (__heap_start, .)

.eeprom         0x00810000        0x0
 *(.eeprom*)
                0x00810000                __eeprom_end = .

.fuse
 *(.fuse)
 *(.lfuse)
 *(.hfuse)
 *(.efuse)

.lock
 *(.lock*)

.signature
 *(.signature*)

.user_signatures
 *(.user_signatures*)

.stab
 *(.stab)

.stabstr
 *(.stabstr)

.stab.excl
 *(.stab.excl)

.stab.exclstr
 *(.stab.exclstr)

.stab.index
 *(.stab.index)

.stab.indexstr
 *(.stab.indexstr)

.comment        0x00000000       0x30
 *(.comment)
 .comment       0x00000000       0x30 CFG/DIO_Cfg.o
                                 0x31 (size before relaxing)
 .comment       0x00000030       0x31 HAL/KeyPad.o
 .comment       0x00000030       0x31 HAL/LCD.o
 .comment       0x00000030       0x31 HAL/Sensors.o
 .comment       0x00000030       0x31 main.o
 .comment       0x00000030       0x31 MCAL/ADC.o
 .comment       0x00000030       0x31 MCAL/DIO.o
 .comment       0x00000030       0x31 MCAL/EX_Interrupt.o
 .comment       0x00000030       0x31 MCAL/Timers.o
 .comment       0x00000030       0x31 MCAL/UART.o

.note.gnu.avr.deviceinfo
                0x00000000       0x3c
 .note.gnu.avr.deviceinfo
                0x00000000       0x3c C:/Program Files (x86)/Atmel/Studio/7.0/Packs/atmel/ATmega_DFP/1.7.374/gcc/dev/atmega32/avr5/crtatmega32.o

.note.gnu.build-id
 *(.note.gnu.build-id)

.debug
 *(.debug)

.line
 *(.line)

.debug_srcinfo
 *(.debug_srcinfo)

.debug_sfnames
 *(.debug_sfnames)

.debug_aranges  0x00000000      0x358
 *(.debug_aranges)
 .debug_aranges
                0x00000000       0x18 CFG/DIO_Cfg.o
 .debug_aranges
                0x00000018       0x28 HAL/KeyPad.o
 .debug_aranges
                0x00000040       0x78 HAL/LCD.o
 .debug_aranges
                0x000000b8       0x30 HAL/Sensors.o
 .debug_aranges
                0x000000e8       0x20 main.o
 .debug_aranges
                0x00000108       0x50 MCAL/ADC.o
 .debug_aranges
                0x00000158       0x48 MCAL/DIO.o
 .debug_aranges
                0x000001a0       0x58 MCAL/EX_Interrupt.o
 .debug_aranges
                0x000001f8       0xe8 MCAL/Timers.o
 .debug_aranges
                0x000002e0       0x78 MCAL/UART.o

.debug_pubnames
 *(.debug_pubnames)

.debug_info     0x00000000     0x2e32
 *(.debug_info .gnu.linkonce.wi.*)
 .debug_info    0x00000000      0x4e6 C:/Program Files (x86)/Atmel/Studio/7.0/Packs/atmel/ATmega_DFP/1.7.374/gcc/dev/atmega32/avr5/crtatmega32.o
 .debug_info    0x000004e6      0x178 CFG/DIO_Cfg.o
 .debug_info    0x0000065e      0x2b2 HAL/KeyPad.o
 .debug_info    0x00000910      0xc4f HAL/LCD.o
 .debug_info    0x0000155f      0x1b4 HAL/Sensors.o
 .debug_info    0x00001713      0x739 main.o
 .debug_info    0x00001e4c      0x292 MCAL/ADC.o
 .debug_info    0x000020de      0x39b MCAL/DIO.o
 .debug_info    0x00002479      0x24f MCAL/EX_Interrupt.o
 .debug_info    0x000026c8      0x578 MCAL/Timers.o
 .debug_info    0x00002c40      0x1f2 MCAL/UART.o

.debug_abbrev   0x00000000      0xe5c
 *(.debug_abbrev)
 .debug_abbrev  0x00000000      0x4a3 C:/Program Files (x86)/Atmel/Studio/7.0/Packs/atmel/ATmega_DFP/1.7.374/gcc/dev/atmega32/avr5/crtatmega32.o
 .debug_abbrev  0x000004a3       0x6a CFG/DIO_Cfg.o
 .debug_abbrev  0x0000050d       0xf4 HAL/KeyPad.o
 .debug_abbrev  0x00000601      0x1be HAL/LCD.o
 .debug_abbrev  0x000007bf       0xb8 HAL/Sensors.o
 .debug_abbrev  0x00000877       0xed main.o
 .debug_abbrev  0x00000964       0xf0 MCAL/ADC.o
 .debug_abbrev  0x00000a54      0x15f MCAL/DIO.o
 .debug_abbrev  0x00000bb3       0xf1 MCAL/EX_Interrupt.o
 .debug_abbrev  0x00000ca4       0xcd MCAL/Timers.o
 .debug_abbrev  0x00000d71       0xeb MCAL/UART.o

.debug_line     0x00000000     0x18f7
 *(.debug_line .debug_line.* .debug_line_end)
 .debug_line    0x00000000      0x116 C:/Program Files (x86)/Atmel/Studio/7.0/Packs/atmel/ATmega_DFP/1.7.374/gcc/dev/atmega32/avr5/crtatmega32.o
 .debug_line    0x00000116       0x49 CFG/DIO_Cfg.o
 .debug_line    0x0000015f      0x110 HAL/KeyPad.o
 .debug_line    0x0000026f      0x52f HAL/LCD.o
 .debug_line    0x0000079e       0xb8 HAL/Sensors.o
 .debug_line    0x00000856      0x367 main.o
 .debug_line    0x00000bbd      0x1b5 MCAL/ADC.o
 .debug_line    0x00000d72      0x31e MCAL/DIO.o
 .debug_line    0x00001090      0x24a MCAL/EX_Interrupt.o
 .debug_line    0x000012da      0x47e MCAL/Timers.o
 .debug_line    0x00001758      0x19f MCAL/UART.o

.debug_frame    0x00000000      0x858
 *(.debug_frame)
 .debug_frame   0x00000000       0x50 HAL/KeyPad.o
 .debug_frame   0x00000050      0x144 HAL/LCD.o
 .debug_frame   0x00000194       0x44 HAL/Sensors.o
 .debug_frame   0x000001d8       0x24 main.o
 .debug_frame   0x000001fc       0x84 MCAL/ADC.o
 .debug_frame   0x00000280       0x7c MCAL/DIO.o
 .debug_frame   0x000002fc      0x124 MCAL/EX_Interrupt.o
 .debug_frame   0x00000420      0x2d4 MCAL/Timers.o
 .debug_frame   0x000006f4      0x164 MCAL/UART.o

.debug_str      0x00000000      0xfde
 *(.debug_str)
 .debug_str     0x00000000      0x196 C:/Program Files (x86)/Atmel/Studio/7.0/Packs/atmel/ATmega_DFP/1.7.374/gcc/dev/atmega32/avr5/crtatmega32.o
 .debug_str     0x00000196      0x275 CFG/DIO_Cfg.o
                                0x29c (size before relaxing)
 .debug_str     0x0000040b       0x52 HAL/KeyPad.o
                                0x2a5 (size before relaxing)
 .debug_str     0x0000045d      0x131 HAL/LCD.o
                                0x3a8 (size before relaxing)
 .debug_str     0x0000058e       0x83 HAL/Sensors.o
                                0x202 (size before relaxing)
 .debug_str     0x00000611       0xc9 main.o
                                0x2f1 (size before relaxing)
 .debug_str     0x000006da       0xb6 MCAL/ADC.o
                                0x2fd (size before relaxing)
 .debug_str     0x00000790       0x7f MCAL/DIO.o
                                0x336 (size before relaxing)
 .debug_str     0x0000080f      0x11d MCAL/EX_Interrupt.o
                                0x2a1 (size before relaxing)
 .debug_str     0x0000092c      0x5b2 MCAL/Timers.o
                                0x74c (size before relaxing)
 .debug_str     0x00000ede      0x100 MCAL/UART.o
                                0x294 (size before relaxing)

.debug_loc      0x00000000     0x20e1
 *(.debug_loc)
 .debug_loc     0x00000000       0xbf HAL/KeyPad.o
 .debug_loc     0x000000bf      0x9c3 HAL/LCD.o
 .debug_loc     0x00000a82       0x30 HAL/Sensors.o
 .debug_loc     0x00000ab2      0x21a main.o
 .debug_loc     0x00000ccc      0x152 MCAL/ADC.o
 .debug_loc     0x00000e1e      0x7d1 MCAL/DIO.o
 .debug_loc     0x000015ef      0x357 MCAL/EX_Interrupt.o
 .debug_loc     0x00001946      0x5dd MCAL/Timers.o
 .debug_loc     0x00001f23      0x1be MCAL/UART.o

.debug_macinfo
 *(.debug_macinfo)

.debug_weaknames
 *(.debug_weaknames)

.debug_funcnames
 *(.debug_funcnames)

.debug_typenames
 *(.debug_typenames)

.debug_varnames
 *(.debug_varnames)

.debug_pubtypes
 *(.debug_pubtypes)

.debug_ranges   0x00000000      0x2b0
 *(.debug_ranges)
 .debug_ranges  0x00000000       0x18 HAL/KeyPad.o
 .debug_ranges  0x00000018       0x68 HAL/LCD.o
 .debug_ranges  0x00000080       0x20 HAL/Sensors.o
 .debug_ranges  0x000000a0       0x10 main.o
 .debug_ranges  0x000000b0       0x40 MCAL/ADC.o
 .debug_ranges  0x000000f0       0x38 MCAL/DIO.o
 .debug_ranges  0x00000128       0x48 MCAL/EX_Interrupt.o
 .debug_ranges  0x00000170       0xd8 MCAL/Timers.o
 .debug_ranges  0x00000248       0x68 MCAL/UART.o

.debug_macro
 *(.debug_macro)
OUTPUT(Fire System Alarm.elf elf32-avr)
LOAD linker stubs
